Archive member included to satisfy reference by file (symbol)

c:/renesas/ra/e2studio_v2021-10_fsp_v3.5.0/toolchains/gcc_arm/gcc-arm-none-eabi-10.3-2021.10/bin/../lib/gcc/arm-none-eabi/10.3.1/thumb/v7e-m+fp/hard\libgcc.a(_arm_addsubdf3.o)
                              ./src/hal_entry.o (__aeabi_dsub)
c:/renesas/ra/e2studio_v2021-10_fsp_v3.5.0/toolchains/gcc_arm/gcc-arm-none-eabi-10.3-2021.10/bin/../lib/gcc/arm-none-eabi/10.3.1/thumb/v7e-m+fp/hard\libgcc.a(_arm_fixdfsi.o)
                              ./src/hal_entry.o (__aeabi_d2iz)
c:/renesas/ra/e2studio_v2021-10_fsp_v3.5.0/toolchains/gcc_arm/gcc-arm-none-eabi-10.3-2021.10/bin/../lib/gcc/arm-none-eabi/10.3.1/../../../../arm-none-eabi/lib/thumb/v7e-m+fp/hard\libg_nano.a(lib_a-errno.o)
                              ./ra/fsp/src/bsp/mcu/all/bsp_sbrk.o (__errno)
c:/renesas/ra/e2studio_v2021-10_fsp_v3.5.0/toolchains/gcc_arm/gcc-arm-none-eabi-10.3-2021.10/bin/../lib/gcc/arm-none-eabi/10.3.1/../../../../arm-none-eabi/lib/thumb/v7e-m+fp/hard\libg_nano.a(lib_a-exit.o)
                              c:/renesas/ra/e2studio_v2021-10_fsp_v3.5.0/toolchains/gcc_arm/gcc-arm-none-eabi-10.3-2021.10/bin/../lib/gcc/arm-none-eabi/10.3.1/../../../../arm-none-eabi/lib/thumb/v7e-m+fp/hard/rdimon-crt0.o (exit)
c:/renesas/ra/e2studio_v2021-10_fsp_v3.5.0/toolchains/gcc_arm/gcc-arm-none-eabi-10.3-2021.10/bin/../lib/gcc/arm-none-eabi/10.3.1/../../../../arm-none-eabi/lib/thumb/v7e-m+fp/hard\libg_nano.a(lib_a-impure.o)
                              c:/renesas/ra/e2studio_v2021-10_fsp_v3.5.0/toolchains/gcc_arm/gcc-arm-none-eabi-10.3-2021.10/bin/../lib/gcc/arm-none-eabi/10.3.1/../../../../arm-none-eabi/lib/thumb/v7e-m+fp/hard\libg_nano.a(lib_a-exit.o) (_global_impure_ptr)
c:/renesas/ra/e2studio_v2021-10_fsp_v3.5.0/toolchains/gcc_arm/gcc-arm-none-eabi-10.3-2021.10/bin/../lib/gcc/arm-none-eabi/10.3.1/../../../../arm-none-eabi/lib/thumb/v7e-m+fp/hard\libg_nano.a(lib_a-init.o)
                              c:/renesas/ra/e2studio_v2021-10_fsp_v3.5.0/toolchains/gcc_arm/gcc-arm-none-eabi-10.3-2021.10/bin/../lib/gcc/arm-none-eabi/10.3.1/../../../../arm-none-eabi/lib/thumb/v7e-m+fp/hard/rdimon-crt0.o (__libc_init_array)
c:/renesas/ra/e2studio_v2021-10_fsp_v3.5.0/toolchains/gcc_arm/gcc-arm-none-eabi-10.3-2021.10/bin/../lib/gcc/arm-none-eabi/10.3.1/../../../../arm-none-eabi/lib/thumb/v7e-m+fp/hard\libg_nano.a(lib_a-memcpy-stub.o)
                              ./ra/fsp/src/bsp/cmsis/Device/RENESAS/Source/system.o (memcpy)
c:/renesas/ra/e2studio_v2021-10_fsp_v3.5.0/toolchains/gcc_arm/gcc-arm-none-eabi-10.3-2021.10/bin/../lib/gcc/arm-none-eabi/10.3.1/../../../../arm-none-eabi/lib/thumb/v7e-m+fp/hard\libg_nano.a(lib_a-memset.o)
                              c:/renesas/ra/e2studio_v2021-10_fsp_v3.5.0/toolchains/gcc_arm/gcc-arm-none-eabi-10.3-2021.10/bin/../lib/gcc/arm-none-eabi/10.3.1/../../../../arm-none-eabi/lib/thumb/v7e-m+fp/hard/rdimon-crt0.o (memset)
c:/renesas/ra/e2studio_v2021-10_fsp_v3.5.0/toolchains/gcc_arm/gcc-arm-none-eabi-10.3-2021.10/bin/../lib/gcc/arm-none-eabi/10.3.1/../../../../arm-none-eabi/lib/thumb/v7e-m+fp/hard\librdimon_nano.a(rdimon-syscalls.o)
                              c:/renesas/ra/e2studio_v2021-10_fsp_v3.5.0/toolchains/gcc_arm/gcc-arm-none-eabi-10.3-2021.10/bin/../lib/gcc/arm-none-eabi/10.3.1/../../../../arm-none-eabi/lib/thumb/v7e-m+fp/hard/rdimon-crt0.o (initialise_monitor_handles)
c:/renesas/ra/e2studio_v2021-10_fsp_v3.5.0/toolchains/gcc_arm/gcc-arm-none-eabi-10.3-2021.10/bin/../lib/gcc/arm-none-eabi/10.3.1/../../../../arm-none-eabi/lib/thumb/v7e-m+fp/hard\librdimon_nano.a(rdimon-_exit.o)
                              c:/renesas/ra/e2studio_v2021-10_fsp_v3.5.0/toolchains/gcc_arm/gcc-arm-none-eabi-10.3-2021.10/bin/../lib/gcc/arm-none-eabi/10.3.1/../../../../arm-none-eabi/lib/thumb/v7e-m+fp/hard\libg_nano.a(lib_a-exit.o) (_exit)
c:/renesas/ra/e2studio_v2021-10_fsp_v3.5.0/toolchains/gcc_arm/gcc-arm-none-eabi-10.3-2021.10/bin/../lib/gcc/arm-none-eabi/10.3.1/../../../../arm-none-eabi/lib/thumb/v7e-m+fp/hard\librdimon_nano.a(rdimon-_kill.o)
                              c:/renesas/ra/e2studio_v2021-10_fsp_v3.5.0/toolchains/gcc_arm/gcc-arm-none-eabi-10.3-2021.10/bin/../lib/gcc/arm-none-eabi/10.3.1/../../../../arm-none-eabi/lib/thumb/v7e-m+fp/hard\librdimon_nano.a(rdimon-_exit.o) (_kill_shared)
c:/renesas/ra/e2studio_v2021-10_fsp_v3.5.0/toolchains/gcc_arm/gcc-arm-none-eabi-10.3-2021.10/bin/../lib/gcc/arm-none-eabi/10.3.1/../../../../arm-none-eabi/lib/thumb/v7e-m+fp/hard\libc_nano.a(lib_a-findfp.o)
                              c:/renesas/ra/e2studio_v2021-10_fsp_v3.5.0/toolchains/gcc_arm/gcc-arm-none-eabi-10.3-2021.10/bin/../lib/gcc/arm-none-eabi/10.3.1/../../../../arm-none-eabi/lib/thumb/v7e-m+fp/hard\librdimon_nano.a(rdimon-syscalls.o) (__sinit)
c:/renesas/ra/e2studio_v2021-10_fsp_v3.5.0/toolchains/gcc_arm/gcc-arm-none-eabi-10.3-2021.10/bin/../lib/gcc/arm-none-eabi/10.3.1/../../../../arm-none-eabi/lib/thumb/v7e-m+fp/hard\libc_nano.a(lib_a-fwalk.o)
[...]
Memory Configuration

Name             Origin             Length             Attributes
FLASH            0x00000000         0x00200000         xr
RAM              0x1ffe0000         0x000a0000         xrw
DATA_FLASH       0x40100000         0x00010000         xr
QSPI_FLASH       0x60000000         0x04000000         xr
OSPI_DEVICE_0    0x68000000         0x00000000         xr
OSPI_DEVICE_1    0x70000000         0x00000000         xr
OSPI_DEVICE_0_RAM 0x68000000         0x00000000         xrw
OSPI_DEVICE_1_RAM 0x70000000         0x00000000         xrw
SDRAM            0x90000000         0x08000000         xrw
OPTION_SETTING   0x00000000         0x00000000         r
OPTION_SETTING_S 0x00000000         0x00000000         r
ID_CODE          0x0100a150         0x00000010         xr
*default*        0x00000000         0xffffffff

Linker script and memory map

LOAD c:/renesas/ra/e2studio_v2021-10_fsp_v3.5.0/toolchains/gcc_arm/gcc-arm-none-eabi-10.3-2021.10/bin/../lib/gcc/arm-none-eabi/10.3.1/thumb/v7e-m+fp/hard/crti.o
LOAD c:/renesas/ra/e2studio_v2021-10_fsp_v3.5.0/toolchains/gcc_arm/gcc-arm-none-eabi-10.3-2021.10/bin/../lib/gcc/arm-none-eabi/10.3.1/thumb/v7e-m+fp/hard/crtbegin.o
LOAD c:/renesas/ra/e2studio_v2021-10_fsp_v3.5.0/toolchains/gcc_arm/gcc-arm-none-eabi-10.3-2021.10/bin/../lib/gcc/arm-none-eabi/10.3.1/../../../../arm-none-eabi/lib/thumb/v7e-m+fp/hard/rdimon-crt0.o
START GROUP
LOAD ./src/hal_entry.o
LOAD ./src/mario_coin_sound.o
LOAD ./ra_gen/common_data.o
LOAD ./ra_gen/hal_data.o
LOAD ./ra_gen/main.o
LOAD ./ra_gen/pin_data.o
LOAD ./ra_gen/vector_data.o
LOAD ./ra/fsp/src/r_ioport/r_ioport.o
LOAD ./ra/fsp/src/r_icu/r_icu.o
LOAD ./ra/fsp/src/r_dac/r_dac.o
LOAD ./ra/fsp/src/r_agt/r_agt.o
LOAD ./ra/fsp/src/bsp/mcu/all/bsp_clocks.o
LOAD ./ra/fsp/src/bsp/mcu/all/bsp_common.o
LOAD ./ra/fsp/src/bsp/mcu/all/bsp_delay.o
LOAD ./ra/fsp/src/bsp/mcu/all/bsp_group_irq.o
LOAD ./ra/fsp/src/bsp/mcu/all/bsp_guard.o
LOAD ./ra/fsp/src/bsp/mcu/all/bsp_io.o
LOAD ./ra/fsp/src/bsp/mcu/all/bsp_irq.o
LOAD ./ra/fsp/src/bsp/mcu/all/bsp_register_protection.o
LOAD ./ra/fsp/src/bsp/mcu/all/bsp_rom_registers.o
LOAD ./ra/fsp/src/bsp/mcu/all/bsp_sbrk.o
LOAD ./ra/fsp/src/bsp/mcu/all/bsp_security.o
LOAD ./ra/fsp/src/bsp/cmsis/Device/RENESAS/Source/startup.o
LOAD ./ra/fsp/src/bsp/cmsis/Device/RENESAS/Source/system.o
END GROUP
START GROUP
LOAD c:/renesas/ra/e2studio_v2021-10_fsp_v3.5.0/toolchains/gcc_arm/gcc-arm-none-eabi-10.3-2021.10/bin/../lib/gcc/arm-none-eabi/10.3.1/thumb/v7e-m+fp/hard\libgcc.a
LOAD c:/renesas/ra/e2studio_v2021-10_fsp_v3.5.0/toolchains/gcc_arm/gcc-arm-none-eabi-10.3-2021.10/bin/../lib/gcc/arm-none-eabi/10.3.1/../../../../arm-none-eabi/lib/thumb/v7e-m+fp/hard\libg_nano.a
LOAD c:/renesas/ra/e2studio_v2021-10_fsp_v3.5.0/toolchains/gcc_arm/gcc-arm-none-eabi-10.3-2021.10/bin/../lib/gcc/arm-none-eabi/10.3.1/../../../../arm-none-eabi/lib/thumb/v7e-m+fp/hard\libc_nano.a
END GROUP
START GROUP
LOAD c:/renesas/ra/e2studio_v2021-10_fsp_v3.5.0/toolchains/gcc_arm/gcc-arm-none-eabi-10.3-2021.10/bin/../lib/gcc/arm-none-eabi/10.3.1/thumb/v7e-m+fp/hard\libgcc.a
LOAD c:/renesas/ra/e2studio_v2021-10_fsp_v3.5.0/toolchains/gcc_arm/gcc-arm-none-eabi-10.3-2021.10/bin/../lib/gcc/arm-none-eabi/10.3.1/../../../../arm-none-eabi/lib/thumb/v7e-m+fp/hard\libc_nano.a
LOAD c:/renesas/ra/e2studio_v2021-10_fsp_v3.5.0/toolchains/gcc_arm/gcc-arm-none-eabi-10.3-2021.10/bin/../lib/gcc/arm-none-eabi/10.3.1/../../../../arm-none-eabi/lib/thumb/v7e-m+fp/hard\librdimon_nano.a
END GROUP
START GROUP
LOAD c:/renesas/ra/e2studio_v2021-10_fsp_v3.5.0/toolchains/gcc_arm/gcc-arm-none-eabi-10.3-2021.10/bin/../lib/gcc/arm-none-eabi/10.3.1/thumb/v7e-m+fp/hard\libgcc.a
LOAD c:/renesas/ra/e2studio_v2021-10_fsp_v3.5.0/toolchains/gcc_arm/gcc-arm-none-eabi-10.3-2021.10/bin/../lib/gcc/arm-none-eabi/10.3.1/../../../../arm-none-eabi/lib/thumb/v7e-m+fp/hard\libc_nano.a
LOAD c:/renesas/ra/e2studio_v2021-10_fsp_v3.5.0/toolchains/gcc_arm/gcc-arm-none-eabi-10.3-2021.10/bin/../lib/gcc/arm-none-eabi/10.3.1/../../../../arm-none-eabi/lib/thumb/v7e-m+fp/hard\librdimon_nano.a
END GROUP
LOAD c:/renesas/ra/e2studio_v2021-10_fsp_v3.5.0/toolchains/gcc_arm/gcc-arm-none-eabi-10.3-2021.10/bin/../lib/gcc/arm-none-eabi/10.3.1/thumb/v7e-m+fp/hard/crtend.o
LOAD c:/renesas/ra/e2studio_v2021-10_fsp_v3.5.0/toolchains/gcc_arm/gcc-arm-none-eabi-10.3-2021.10/bin/../lib/gcc/arm-none-eabi/10.3.1/thumb/v7e-m+fp/hard/crtn.o
                0x1ffe0000                RAM_START = 0x1ffe0000
                0x000a0000                RAM_LENGTH = 0xa0000
                0x00000000                FLASH_START = 0x0
                0x00200000                FLASH_LENGTH = 0x200000
                0x40100000                DATA_FLASH_START = 0x40100000
                0x00010000                DATA_FLASH_LENGTH = 0x10000
                0x00000000                OPTION_SETTING_START = 0x0
                0x00000000                OPTION_SETTING_LENGTH = 0x0
                0x00000000                OPTION_SETTING_S_START = 0x0
                0x00000000                OPTION_SETTING_S_LENGTH = 0x0
                0x0100a150                ID_CODE_START = 0x100a150
                0x00000010                ID_CODE_LENGTH = 0x10
                0x90000000                SDRAM_START = 0x90000000
                0x08000000                SDRAM_LENGTH = 0x8000000
                0x60000000                QSPI_FLASH_START = 0x60000000
                0x04000000                QSPI_FLASH_LENGTH = 0x4000000
                0x68000000                OSPI_DEVICE_0_START = 0x68000000
                0x00000000                OSPI_DEVICE_0_LENGTH = 0x0
                0x70000000                OSPI_DEVICE_1_START = 0x70000000
                0x00000000                OSPI_DEVICE_1_LENGTH = 0x0
                0x04000000                QSPI_FLASH_PRV_LENGTH = DEFINED (QSPI_FLASH_SIZE)?ABSOLUTE (QSPI_FLASH_SIZE):ABSOLUTE (QSPI_FLASH_LENGTH)
                0x00000000                OSPI_DEVICE_0_PRV_LENGTH = DEFINED (OSPI_DEVICE_0_SIZE)?ABSOLUTE (OSPI_DEVICE_0_SIZE):ABSOLUTE (OSPI_DEVICE_0_LENGTH)
                0x00000000                OSPI_DEVICE_1_PRV_LENGTH = DEFINED (OSPI_DEVICE_1_SIZE)?ABSOLUTE (OSPI_DEVICE_1_SIZE):ABSOLUTE (OSPI_DEVICE_1_LENGTH)
                0x00000000                __RESERVE_NS_RAM = ((! (DEFINED (PROJECT_NONSECURE)) && DEFINED (RAM_NS_BUFFER_LENGTH)) && (OPTION_SETTING_S_LENGTH != 0x0))
                0x00000000                RAM_NS_BUFFER_BLOCK_LENGTH = DEFINED (RAM_NS_BUFFER_LENGTH)?ALIGN (RAM_NS_BUFFER_LENGTH, 0x2000):0x0
                0x00000000                RAM_NS_BUFFER_LENGTH = DEFINED (RAM_NS_BUFFER_LENGTH)?RAM_NS_BUFFER_LENGTH:0x0
                0x20080000                RAM_NS_BUFFER_START = ((RAM_START + RAM_LENGTH) - RAM_NS_BUFFER_LENGTH)
                0x20080000                RAM_NS_BUFFER_BLOCK_START = ((RAM_START + RAM_LENGTH) - RAM_NS_BUFFER_BLOCK_LENGTH)
                0x0100a180                OPTION_SETTING_START_NS = 0x100a180
                0x00000001                __bl_FSP_BOOTABLE_IMAGE = 0x1
                0x00000001                __bln_FSP_BOOTABLE_IMAGE = 0x1
                0x00000000                PROJECT_SECURE_OR_FLAT = ((! (DEFINED (PROJECT_NONSECURE)) && OPTION_SETTING_LENGTH) && ! (DEFINED (FSP_BOOTABLE_IMAGE)))
                0x00000000                USE_OPTION_SETTING_NS = (DEFINED (PROJECT_NONSECURE) && ! (DEFINED (FSP_BOOTABLE_IMAGE)))
                0x00000000                __bl_FLASH_IMAGE_START = ! (DEFINED (FLASH_BOOTLOADER_LENGTH))?0x0:(FLASH_APPLICATION_IMAGE_NUMBER == 0x1)?(FLASH_BOOTLOADER_LENGTH + FLASH_BOOTLOADER_HEADER_LENGTH):(((FLASH_BOOTLOADER_LENGTH + FLASH_BOOTLOADER_SCRATCH_LENGTH) + FLASH_APPLICATION_S_LENGTH) + FLASH_BOOTLOADER_HEADER_LENGTH)
                0x00000000                __bl_FLASH_IMAGE_LENGTH = ! (DEFINED (FLASH_BOOTLOADER_LENGTH))?0x0:(FLASH_APPLICATION_S_LENGTH - FLASH_BOOTLOADER_HEADER_LENGTH)
                0x00000000                __bl_FLASH_IMAGE_END = (__bl_FLASH_IMAGE_START + __bl_FLASH_IMAGE_LENGTH)
                0x00000000                __bl_FLASH_NS_START = ! (DEFINED (FLASH_BOOTLOADER_LENGTH))?0x0:(FLASH_APPLICATION_NS_LENGTH == 0x0)?__bl_FLASH_IMAGE_END:((__bl_FLASH_IMAGE_START - FLASH_BOOTLOADER_HEADER_LENGTH) + FLASH_APPLICATION_S_LENGTH)
                0x00000000                __bl_FLASH_NSC_START = ! (DEFINED (FLASH_BOOTLOADER_LENGTH))?0x0:(FLASH_APPLICATION_NS_LENGTH == 0x0)?__bl_FLASH_IMAGE_END:(__bl_FLASH_NS_START - FLASH_APPLICATION_NSC_LENGTH)
                0x00000000                __bl_RAM_NS_START = ! (DEFINED (FLASH_BOOTLOADER_LENGTH))?0x0:(FLASH_APPLICATION_NS_LENGTH == 0x0)?(RAM_START + RAM_LENGTH):((RAM_START + RAM_LENGTH) - RAM_APPLICATION_NS_LENGTH)
                0x00000000                __bl_RAM_NSC_START = ! (DEFINED (FLASH_BOOTLOADER_LENGTH))?0x0:(FLASH_APPLICATION_NS_LENGTH == 0x0)?(RAM_START + RAM_LENGTH):(__bl_RAM_NS_START - RAM_APPLICATION_NSC_LENGTH)
                0x00000000                __bl_FLASH_NS_IMAGE_START = ! (DEFINED (FLASH_BOOTLOADER_LENGTH))?0x0:(FLASH_APPLICATION_NS_LENGTH == 0x0)?__bl_FLASH_IMAGE_END:(__bl_FLASH_NS_START + FLASH_BOOTLOADER_HEADER_LENGTH_2)
                0x00000000                __bln_FLASH_IMAGE_START = __bl_FLASH_NS_IMAGE_START
                0x00000000                __bln_FLASH_IMAGE_LENGTH = ! (DEFINED (FLASH_BOOTLOADER_LENGTH))?0x0:(FLASH_APPLICATION_NS_LENGTH == 0x0)?__bl_FLASH_IMAGE_END:(FLASH_APPLICATION_NS_LENGTH - FLASH_BOOTLOADER_HEADER_LENGTH_2)
                0x00000000                FLASH_ORIGIN = DEFINED (FLASH_IMAGE_START)?FLASH_IMAGE_START:FLASH_START
                0x00200000                LIMITED_FLASH_LENGTH = DEFINED (FLASH_IMAGE_LENGTH)?FLASH_IMAGE_LENGTH:DEFINED (FLASH_BOOTLOADER_LENGTH)?FLASH_BOOTLOADER_LENGTH:FLASH_LENGTH
START GROUP
LOAD c:/renesas/ra/e2studio_v2021-10_fsp_v3.5.0/toolchains/gcc_arm/gcc-arm-none-eabi-10.3-2021.10/bin/../lib/gcc/arm-none-eabi/10.3.1/thumb/v7e-m+fp/hard\libgcc.a
LOAD c:/renesas/ra/e2studio_v2021-10_fsp_v3.5.0/toolchains/gcc_arm/gcc-arm-none-eabi-10.3-2021.10/bin/../lib/gcc/arm-none-eabi/10.3.1/../../../../arm-none-eabi/lib/thumb/v7e-m+fp/hard\libc.a
LOAD c:/renesas/ra/e2studio_v2021-10_fsp_v3.5.0/toolchains/gcc_arm/gcc-arm-none-eabi-10.3-2021.10/bin/../lib/gcc/arm-none-eabi/10.3.1/../../../../arm-none-eabi/lib/thumb/v7e-m+fp/hard\libm.a
LOAD c:/renesas/ra/e2studio_v2021-10_fsp_v3.5.0/toolchains/gcc_arm/gcc-arm-none-eabi-10.3-2021.10/bin/../lib/gcc/arm-none-eabi/10.3.1/../../../../arm-none-eabi/lib/thumb/v7e-m+fp/hard\libnosys.a
END GROUP

.text           0x00000000     0x1fd8
                0x00000000                __tz_FLASH_S = ABSOLUTE (FLASH_START)
                0x00000000                __ROM_Start = .
 *(.fixed_vectors*)
 .fixed_vectors
                0x00000000       0x40 ./ra/fsp/src/bsp/cmsis/Device/RENESAS/Source/startup.o
                0x00000000                __Vectors
 *(.application_vectors*)
 .application_vectors
                0x00000040      0x180 ./ra_gen/vector_data.o
                0x00000040                g_vector_table
                0x000001c0                __Vectors_End = .
                0x00000400                . = (OPTION_SETTING_LENGTH > 0x0)?.:(__ROM_Start + 0x400)
 *fill*         0x000001c0      0x240 ff
 *(.rom_registers*)
 .rom_registers
                0x00000400       0x3c ./ra/fsp/src/bsp/mcu/all/bsp_rom_registers.o
                0x00000500                . = (OPTION_SETTING_LENGTH > 0x0)?.:(__ROM_Start + 0x500)
 *fill*         0x0000043c       0xc4 ff
                0x00000500                . = ALIGN (0x80)
 *(.mcuboot_sce9_key*)
 *(.text*)
 .text          0x00000500       0x40 c:/renesas/ra/e2studio_v2021-10_fsp_v3.5.0/toolchains/gcc_arm/gcc-arm-none-eabi-10.3-2021.10/bin/../lib/gcc/arm-none-eabi/10.3.1/thumb/v7e-m+fp/hard/crtbegin.o
 .text.R_AGT0_Interrupt
                0x00000540       0x18 ./src/hal_entry.o
                0x00000540                R_AGT0_Interrupt
 .text.R_AGT1_Interrupt
                0x00000558       0x10 ./src/hal_entry.o
                0x00000558                R_AGT1_Interrupt
 .text.R_IRQ_Interrupt
                0x00000568       0xb8 ./src/hal_entry.o
                0x00000568                R_IRQ_Interrupt
 .text.Segments_Off
                0x00000620       0x78 ./src/hal_entry.o
                0x00000620                Segments_Off
 .text.Segments_Write
                0x00000698      0x36c ./src/hal_entry.o
                0x00000698                Segments_Write
 *fill*         0x00000a04        0x4 ff
 .text.hal_entry
                0x00000a08      0x2c8 ./src/hal_entry.o
                0x00000a08                hal_entry
 .text.R_BSP_WarmStart
                0x00000cd0       0x18 ./src/hal_entry.o
                0x00000cd0                R_BSP_WarmStart
 .text.startup.main
                0x00000ce8        0xc ./ra_gen/main.o
                0x00000ce8                main
 .text.R_IOPORT_Close
                0x00000cf4        0x8 ./ra/fsp/src/r_ioport/r_ioport.o
                0x00000cf4                R_IOPORT_Close
 .text.R_IOPORT_PinRead
                0x00000cfc       0x1c ./ra/fsp/src/r_ioport/r_ioport.o
                0x00000cfc                R_IOPORT_PinRead
 .text.R_IOPORT_PortRead
                0x00000d18       0x14 ./ra/fsp/src/r_ioport/r_ioport.o
                0x00000d18                R_IOPORT_PortRead
 .text.R_IOPORT_PortWrite
                0x00000d2c       0x1c ./ra/fsp/src/r_ioport/r_ioport.o
                0x00000d2c                R_IOPORT_PortWrite
 .text.R_IOPORT_PinWrite
                0x00000d48       0x20 ./ra/fsp/src/r_ioport/r_ioport.o
                0x00000d48                R_IOPORT_PinWrite
 .text.R_IOPORT_PortDirectionSet
                0x00000d68       0x28 ./ra/fsp/src/r_ioport/r_ioport.o
                0x00000d68                R_IOPORT_PortDirectionSet
 .text.R_IOPORT_PortEventInputRead
                0x00000d90       0x18 ./ra/fsp/src/r_ioport/r_ioport.o
                0x00000d90                R_IOPORT_PortEventInputRead
 .text.R_IOPORT_PinEventInputRead
                0x00000da8       0x30 ./ra/fsp/src/r_ioport/r_ioport.o
                0x00000da8                R_IOPORT_PinEventInputRead
 .text.R_IOPORT_PortEventOutputWrite
                0x00000dd8       0x1c ./ra/fsp/src/r_ioport/r_ioport.o
                0x00000dd8                R_IOPORT_PortEventOutputWrite
 .text.R_IOPORT_EthernetModeCfg
                0x00000df4        0xc ./ra/fsp/src/r_ioport/r_ioport.o
                0x00000df4                R_IOPORT_EthernetModeCfg
 .text.R_IOPORT_PinEventOutputWrite
                0x00000e00       0x38 ./ra/fsp/src/r_ioport/r_ioport.o
                0x00000e00                R_IOPORT_PinEventOutputWrite
 .text.bsp_vbatt_init
                0x00000e38       0xac ./ra/fsp/src/r_ioport/r_ioport.o
 .text.r_ioport_pins_config
                0x00000ee4       0xac ./ra/fsp/src/r_ioport/r_ioport.o
 .text.R_IOPORT_Open
                0x00000f90       0x18 ./ra/fsp/src/r_ioport/r_ioport.o
                0x00000f90                R_IOPORT_Open
 .text.R_IOPORT_PinsCfg
                0x00000fa8        0xc ./ra/fsp/src/r_ioport/r_ioport.o
                0x00000fa8                R_IOPORT_PinsCfg
 .text.R_IOPORT_PinCfg
                0x00000fb4       0xa8 ./ra/fsp/src/r_ioport/r_ioport.o
                0x00000fb4                R_IOPORT_PinCfg
 .text.R_ICU_ExternalIrqOpen
                0x0000105c       0x80 ./ra/fsp/src/r_icu/r_icu.o
                0x0000105c                R_ICU_ExternalIrqOpen
 .text.R_ICU_ExternalIrqEnable
                0x000010dc       0x40 ./ra/fsp/src/r_icu/r_icu.o
                0x000010dc                R_ICU_ExternalIrqEnable
 .text.r_icu_isr
                0x0000111c       0x6c ./ra/fsp/src/r_icu/r_icu.o
                0x0000111c                r_icu_isr
 .text.R_DAC_Open
                0x00001188       0xbc ./ra/fsp/src/r_dac/r_dac.o
                0x00001188                R_DAC_Open
 .text.R_DAC_Write
                0x00001244        0xc ./ra/fsp/src/r_dac/r_dac.o
                0x00001244                R_DAC_Write
 .text.R_DAC_Stop
                0x00001250       0x34 ./ra/fsp/src/r_dac/r_dac.o
                0x00001250                R_DAC_Stop
 .text.R_DAC_Start
                0x00001284       0xd8 ./ra/fsp/src/r_dac/r_dac.o
                0x00001284                R_DAC_Start
 .text.R_AGT_Start
                0x0000135c       0x1c ./ra/fsp/src/r_agt/r_agt.o
                0x0000135c                R_AGT_Start
 .text.R_AGT_Open
                0x00001378      0x118 ./ra/fsp/src/r_agt/r_agt.o
                0x00001378                R_AGT_Open
 .text.agt_int_isr
                0x00001490       0x9c ./ra/fsp/src/r_agt/r_agt.o
                0x00001490                agt_int_isr
 .text.SystemCoreClockUpdate
                0x0000152c       0x28 ./ra/fsp/src/bsp/mcu/all/bsp_clocks.o
                0x0000152c                SystemCoreClockUpdate
 .text.bsp_clock_init
                0x00001554      0x104 ./ra/fsp/src/bsp/mcu/all/bsp_clocks.o
                0x00001554                bsp_clock_init
 .text.bsp_init_internal
                0x00001658        0x4 ./ra/fsp/src/bsp/mcu/all/bsp_common.o
                0x00001658                bsp_init_internal
                0x00001658                bsp_init
 .text.bsp_prv_software_delay_loop
                0x0000165c        0xc ./ra/fsp/src/bsp/mcu/all/bsp_delay.o
                0x0000165c                bsp_prv_software_delay_loop
 .text.R_BSP_SoftwareDelay
                0x00001668       0x5c ./ra/fsp/src/bsp/mcu/all/bsp_delay.o
                0x00001668                R_BSP_SoftwareDelay
 .text.NMI_Handler
                0x000016c4       0x38 ./ra/fsp/src/bsp/mcu/all/bsp_group_irq.o
                0x000016c4                NMI_Handler
 .text.bsp_irq_cfg
                0x000016fc       0x28 ./ra/fsp/src/bsp/mcu/all/bsp_irq.o
                0x000016fc                bsp_irq_cfg
 .text.R_BSP_RegisterProtectEnable
                0x00001724       0x60 ./ra/fsp/src/bsp/mcu/all/bsp_register_protection.o
                0x00001724                R_BSP_RegisterProtectEnable
 .text.R_BSP_RegisterProtectDisable
                0x00001784       0x54 ./ra/fsp/src/bsp/mcu/all/bsp_register_protection.o
                0x00001784                R_BSP_RegisterProtectDisable
 .text.Default_Handler
                0x000017d8        0x4 ./ra/fsp/src/bsp/cmsis/Device/RENESAS/Source/startup.o
                0x000017d8                DebugMon_Handler
                0x000017d8                HardFault_Handler
                0x000017d8                SysTick_Handler
                0x000017d8                PendSV_Handler
                0x000017d8                UsageFault_Handler
                0x000017d8                SecureFault_Handler
                0x000017d8                Default_Handler
                0x000017d8                MemManage_Handler
                0x000017d8                SVC_Handler
                0x000017d8                BusFault_Handler
 .text.Reset_Handler
                0x000017dc        0xc ./ra/fsp/src/bsp/cmsis/Device/RENESAS/Source/startup.o
                0x000017dc                Reset_Handler
 .text.SystemInit
                0x000017e8       0xc0 ./ra/fsp/src/bsp/cmsis/Device/RENESAS/Source/system.o
                0x000017e8                SystemInit
 .text          0x000018a8      0x378 c:/renesas/ra/e2studio_v2021-10_fsp_v3.5.0/toolchains/gcc_arm/gcc-arm-none-eabi-10.3-2021.10/bin/../lib/gcc/arm-none-eabi/10.3.1/thumb/v7e-m+fp/hard\libgcc.a(_arm_addsubdf3.o)
                0x000018a8                __aeabi_drsub
                0x000018b0                __aeabi_dsub
                0x000018b0                __subdf3
                0x000018b4                __aeabi_dadd
                0x000018b4                __adddf3
                0x00001b2c                __floatunsidf
                0x00001b2c                __aeabi_ui2d
                0x00001b4c                __floatsidf
                0x00001b4c                __aeabi_i2d
                0x00001b70                __aeabi_f2d
                0x00001b70                __extendsfdf2
                0x00001bb4                __floatundidf
                0x00001bb4                __aeabi_ul2d
                0x00001bc4                __floatdidf
                0x00001bc4                __aeabi_l2d
 .text          0x00001c20       0x50 c:/renesas/ra/e2studio_v2021-10_fsp_v3.5.0/toolchains/gcc_arm/gcc-arm-none-eabi-10.3-2021.10/bin/../lib/gcc/arm-none-eabi/10.3.1/thumb/v7e-m+fp/hard\libgcc.a(_arm_fixdfsi.o)
                0x00001c20                __aeabi_d2iz
                0x00001c20                __fixdfsi
 .text.memcpy   0x00001c70       0x1c c:/renesas/ra/e2studio_v2021-10_fsp_v3.5.0/toolchains/gcc_arm/gcc-arm-none-eabi-10.3-2021.10/bin/../lib/gcc/arm-none-eabi/10.3.1/../../../../arm-none-eabi/lib/thumb/v7e-m+fp/hard\libg_nano.a(lib_a-memcpy-stub.o)
                0x00001c70                memcpy
 .text.memset   0x00001c8c       0x10 c:/renesas/ra/e2studio_v2021-10_fsp_v3.5.0/toolchains/gcc_arm/gcc-arm-none-eabi-10.3-2021.10/bin/../lib/gcc/arm-none-eabi/10.3.1/../../../../arm-none-eabi/lib/thumb/v7e-m+fp/hard\libg_nano.a(lib_a-memset.o)
                0x00001c8c                memset
 *(.version)
 .version       0x00001c9c       0x50 ./ra/fsp/src/bsp/mcu/all/bsp_common.o
 *(.init)
 .init          0x00001cec        0x4 c:/renesas/ra/e2studio_v2021-10_fsp_v3.5.0/toolchains/gcc_arm/gcc-arm-none-eabi-10.3-2021.10/bin/../lib/gcc/arm-none-eabi/10.3.1/thumb/v7e-m+fp/hard/crti.o
                0x00001cec                _init
 .init          0x00001cf0        0x8 c:/renesas/ra/e2studio_v2021-10_fsp_v3.5.0/toolchains/gcc_arm/gcc-arm-none-eabi-10.3-2021.10/bin/../lib/gcc/arm-none-eabi/10.3.1/thumb/v7e-m+fp/hard/crtn.o
 *(.fini)
 .fini          0x00001cf8        0x4 c:/renesas/ra/e2studio_v2021-10_fsp_v3.5.0/toolchains/gcc_arm/gcc-arm-none-eabi-10.3-2021.10/bin/../lib/gcc/arm-none-eabi/10.3.1/thumb/v7e-m+fp/hard/crti.o
                0x00001cf8                _fini
 .fini          0x00001cfc        0x8 c:/renesas/ra/e2studio_v2021-10_fsp_v3.5.0/toolchains/gcc_arm/gcc-arm-none-eabi-10.3-2021.10/bin/../lib/gcc/arm-none-eabi/10.3.1/thumb/v7e-m+fp/hard/crtn.o
 *crtbegin.o(.ctors)
 *crtbegin?.o(.ctors)
 *(EXCLUDE_FILE(*crtend.o *crtend?.o) .ctors)
 *(SORT_BY_NAME(.ctors.*))
 *(.ctors)
 *crtbegin.o(.dtors)
 *crtbegin?.o(.dtors)
 *(EXCLUDE_FILE(*crtend.o *crtend?.o) .dtors)
 *(SORT_BY_NAME(.dtors.*))
 *(.dtors)
 *(.rodata*)
 .rodata        0x00001d04       0x10 ./src/hal_entry.o
 .rodata.SEG    0x00001d14        0xc ./src/hal_entry.o
                0x00001d14                SEG
 .rodata.g_ioport
                0x00001d20        0xc ./ra_gen/common_data.o
                0x00001d20                g_ioport
 .rodata.g_dac0_cfg
                0x00001d2c        0x8 ./ra_gen/hal_data.o
                0x00001d2c                g_dac0_cfg
 .rodata.g_dac0_ext_cfg
                0x00001d34        0x4 ./ra_gen/hal_data.o
                0x00001d34                g_dac0_ext_cfg
 .rodata.g_external_irq11_cfg
                0x00001d38       0x14 ./ra_gen/hal_data.o
                0x00001d38                g_external_irq11_cfg
 .rodata.g_external_irq12_cfg
                0x00001d4c       0x14 ./ra_gen/hal_data.o
                0x00001d4c                g_external_irq12_cfg
 .rodata.g_external_irq13_cfg
                0x00001d60       0x14 ./ra_gen/hal_data.o
                0x00001d60                g_external_irq13_cfg
 .rodata.g_external_irq8_cfg
                0x00001d74       0x14 ./ra_gen/hal_data.o
                0x00001d74                g_external_irq8_cfg
 .rodata.g_external_irq9_cfg
                0x00001d88       0x14 ./ra_gen/hal_data.o
                0x00001d88                g_external_irq9_cfg
 .rodata.g_timer0_cfg
                0x00001d9c       0x20 ./ra_gen/hal_data.o
                0x00001d9c                g_timer0_cfg
 .rodata.g_timer0_extend
                0x00001dbc        0x7 ./ra_gen/hal_data.o
                0x00001dbc                g_timer0_extend
 *fill*         0x00001dc3        0x1 ff
 .rodata.g_timer1_cfg
                0x00001dc4       0x20 ./ra_gen/hal_data.o
                0x00001dc4                g_timer1_cfg
 .rodata.g_timer1_extend
                0x00001de4        0x7 ./ra_gen/hal_data.o
                0x00001de4                g_timer1_extend
 *fill*         0x00001deb        0x1 ff
 .rodata.g_bsp_pin_cfg
                0x00001dec        0x8 ./ra_gen/pin_data.o
                0x00001dec                g_bsp_pin_cfg
 .rodata.g_bsp_pin_cfg_data
                0x00001df4       0xe0 ./ra_gen/pin_data.o
                0x00001df4                g_bsp_pin_cfg_data
 .rodata.g_interrupt_event_link_select
                0x00001ed4       0xc0 ./ra_gen/vector_data.o
                0x00001ed4                g_interrupt_event_link_select
 .rodata.g_ioport_on_ioport
                0x00001f94       0x38 ./ra/fsp/src/r_ioport/r_ioport.o
                0x00001f94                g_ioport_on_ioport
 .rodata.g_prcr_masks
                0x00001fcc        0x8 ./ra/fsp/src/bsp/mcu/all/bsp_register_protection.o
                0x00001fd4                __usb_dev_descriptor_start_fs = .
 *(.usb_device_desc_fs*)
                0x00001fd4                __usb_cfg_descriptor_start_fs = .
 *(.usb_config_desc_fs*)
                0x00001fd4                __usb_interface_descriptor_start_fs = .
 *(.usb_interface_desc_fs*)
                0x00001fd4                __usb_descriptor_end_fs = .
                0x00001fd4                __usb_dev_descriptor_start_hs = .
 *(.usb_device_desc_hs*)
                0x00001fd4                __usb_cfg_descriptor_start_hs = .
 *(.usb_config_desc_hs*)
                0x00001fd4                __usb_interface_descriptor_start_hs = .
 *(.usb_interface_desc_hs*)
                0x00001fd4                __usb_descriptor_end_hs = .
 *(.eh_frame*)
 .eh_frame      0x00001fd4        0x0 c:/renesas/ra/e2studio_v2021-10_fsp_v3.5.0/toolchains/gcc_arm/gcc-arm-none-eabi-10.3-2021.10/bin/../lib/gcc/arm-none-eabi/10.3.1/thumb/v7e-m+fp/hard/crtbegin.o
 .eh_frame      0x00001fd4        0x4 c:/renesas/ra/e2studio_v2021-10_fsp_v3.5.0/toolchains/gcc_arm/gcc-arm-none-eabi-10.3-2021.10/bin/../lib/gcc/arm-none-eabi/10.3.1/thumb/v7e-m+fp/hard/crtend.o
                0x00001fd8                __ROM_End = .
                0x000001c0                __Vectors_Size = (__Vectors_End - __Vectors)

.glue_7         0x00001fd8        0x0
 .glue_7        0x00001fd8        0x0 linker stubs

.glue_7t        0x00001fd8        0x0
 .glue_7t       0x00001fd8        0x0 linker stubs

.vfp11_veneer   0x00001fd8        0x0
 .vfp11_veneer  0x00001fd8        0x0 linker stubs

.v4_bx          0x00001fd8        0x0
 .v4_bx         0x00001fd8        0x0 linker stubs

.iplt           0x00001fd8        0x0
 .iplt          0x00001fd8        0x0 c:/renesas/ra/e2studio_v2021-10_fsp_v3.5.0/toolchains/gcc_arm/gcc-arm-none-eabi-10.3-2021.10/bin/../lib/gcc/arm-none-eabi/10.3.1/thumb/v7e-m+fp/hard/crtbegin.o

.ARM.extab
 *(.ARM.extab* .gnu.linkonce.armextab.*)
                0x00001fd8                __exidx_start = .

.ARM.exidx
 *(.ARM.exidx* .gnu.linkonce.armexidx.*)
                0x00001fd8                __exidx_end = .
                0x00001fd8                __etext = .
                0x1ffe0000                __tz_RAM_S = ORIGIN (RAM)

.fsp_dtc_vector_table
                0x1ffe0000        0x0
                0x1ffe0000                . = ORIGIN (RAM)
 *(.fsp_dtc_vector_table)

.data           0x1ffe0000    0x27c58 load address 0x00001fd8
                0x1ffe0000                __data_start__ = .
                0x1ffe0000                . = ALIGN (0x4)
                0x1ffe0000                __Code_In_RAM_Start = .
 *(.code_in_ram*)
                0x1ffe0000                __Code_In_RAM_End = .
 *(vtable)
 *(.data.*)
 .data.LEDStates
                0x1ffe0000       0x10 ./src/hal_entry.o
                0x1ffe0000                LEDStates
 .data.rawData  0x1ffe0010    0x27c40 ./src/mario_coin_sound.o
                0x1ffe0010                rawData
 *(.data)
                0x20007c50                . = ALIGN (0x4)
                0x20007c50                PROVIDE (__preinit_array_start = .)
 *(.preinit_array)
                0x20007c50                PROVIDE (__preinit_array_end = .)
                0x20007c50                . = ALIGN (0x4)
                0x20007c50                PROVIDE (__init_array_start = .)
 *(SORT_BY_NAME(.init_array.*))
 *(.init_array)
 .init_array    0x20007c50        0x4 c:/renesas/ra/e2studio_v2021-10_fsp_v3.5.0/toolchains/gcc_arm/gcc-arm-none-eabi-10.3-2021.10/bin/../lib/gcc/arm-none-eabi/10.3.1/thumb/v7e-m+fp/hard/crtbegin.o
                0x20007c54                PROVIDE (__init_array_end = .)
                0x20007c54                . = ALIGN (0x4)
                [!provide]                PROVIDE (__fini_array_start = .)
 *(SORT_BY_NAME(.fini_array.*))
 *(.fini_array)
 .fini_array    0x20007c54        0x4 c:/renesas/ra/e2studio_v2021-10_fsp_v3.5.0/toolchains/gcc_arm/gcc-arm-none-eabi-10.3-2021.10/bin/../lib/gcc/arm-none-eabi/10.3.1/thumb/v7e-m+fp/hard/crtbegin.o
                [!provide]                PROVIDE (__fini_array_end = .)
 *(.jcr*)
                0x20007c58                . = ALIGN (0x4)
                0x20007c58                __data_end__ = .

.igot.plt       0x20007c58        0x0 load address 0x00029c30
 .igot.plt      0x20007c58        0x0 c:/renesas/ra/e2studio_v2021-10_fsp_v3.5.0/toolchains/gcc_arm/gcc-arm-none-eabi-10.3-2021.10/bin/../lib/gcc/arm-none-eabi/10.3.1/thumb/v7e-m+fp/hard/crtbegin.o

.gnu.sgstubs    0x0002a000        0x0
                0x0002a000                . = (DEFINED (PROJECT_SECURE) && DEFINED (FLASH_NSC_START))?ABSOLUTE (FLASH_NSC_START):ALIGN (0x400)
                0x0002a000                __tz_FLASH_C = DEFINED (FLASH_NSC_START)?ABSOLUTE (FLASH_NSC_START):__RESERVE_NS_RAM?ABSOLUTE ((FLASH_START + FLASH_LENGTH)):ALIGN (0x400)
                0x0002a000                _start_sg = .
 *(.gnu.sgstubs*)
                0x0002a000                . = ALIGN (0x20)
                0x0002a000                _end_sg = .
                0x00030000                __tz_FLASH_N = DEFINED (FLASH_NS_START)?ABSOLUTE (FLASH_NS_START):__RESERVE_NS_RAM?ABSOLUTE ((FLASH_START + FLASH_LENGTH)):(FLASH_LENGTH < 0x8000)?FLASH_LENGTH:ALIGN (0x8000)
                0x00030000                FLASH_NS_IMAGE_START = DEFINED (FLASH_NS_IMAGE_START)?FLASH_NS_IMAGE_START:__tz_FLASH_N
                0x60000000                __tz_QSPI_FLASH_S = ORIGIN (QSPI_FLASH)

.qspi_flash     0x60000000        0x0
                0x60000000                __qspi_flash_start__ = .
 *(.qspi_flash*)
 *(.code_in_qspi*)
                0x60000000                __qspi_flash_end__ = .
                0x00000000                __qspi_flash_code_size__ = (__qspi_flash_end__ - __qspi_flash_start__)
                0x00029c30                __qspi_flash_code_addr__ = (__etext + (__data_end__ - __data_start__))

.qspi_non_retentive
                0x60000000        0x0 load address 0x00029c30
                0x60000000                __qspi_non_retentive_start__ = .
 *(.qspi_non_retentive*)
                0x60000000                __qspi_non_retentive_end__ = .
                0x00000000                __qspi_non_retentive_size__ = (__qspi_non_retentive_end__ - __qspi_non_retentive_start__)
                0x04000000                __qspi_region_max_size__ = 0x4000000
                0x60000000                __qspi_region_start_address__ = __qspi_flash_start__
                0x64000000                __qspi_region_end_address__ = (__qspi_flash_start__ + __qspi_region_max_size__)
                0x60000000                __tz_QSPI_FLASH_N = __qspi_non_retentive_end__

.OSPI_DEVICE_0_NO_LOAD
                0x68000000        0x0
                0x68000000                . = ALIGN (0x4)
                0x68000000                __ospi_device_0_start__ = .
 *(.ospi_device_0_no_load*)
                0x68000000                . = ALIGN (0x4)
                0x68000000                __ospi_device_0_end__ = .

.OSPI_DEVICE_1_NO_LOAD
                0x70000000        0x0
                0x70000000                . = ALIGN (0x4)
                0x70000000                __ospi_device_1_start__ = .
 *(.ospi_device_1_no_load*)
                0x70000000                . = ALIGN (0x4)
                0x70000000                __ospi_device_1_end__ = .
                0x68000000                __tz_OSPI_DEVICE_0_S = ORIGIN (OSPI_DEVICE_0)

.OSPI_DEVICE_0  0x68000000        0x0
                0x68000000                __ospi_device_0_start__ = .
 *(.ospi_device_0*)
 *(.code_in_ospi_device_0*)
                0x68000000                __ospi_device_0_end__ = .
                0x00000000                __ospi_device_0_code_size__ = (__ospi_device_0_end__ - __ospi_device_0_start__)
                0x00029c30                __ospi_device_0_code_addr__ = (__etext + (__data_end__ - __data_start__))

.ospi_device_0_non_retentive
                0x68000000        0x0 load address 0x00029c30
                0x68000000                __ospi_device_0_non_retentive_start__ = .
 *(.ospi_device_0_non_retentive*)
                0x68000000                __ospi_device_0_non_retentive_end__ = .
                0x00000000                __ospi_device_0_non_retentive_size__ = (__ospi_device_0_non_retentive_end__ - __ospi_device_0_non_retentive_start__)
                0x08000000                __ospi_device_0_region_max_size__ = 0x8000000
                0x68000000                __ospi_device_0_region_start_address__ = __ospi_device_0_start__
                0x70000000                __ospi_device_0_region_end_address__ = (__ospi_device_0_start__ + __ospi_device_0_region_max_size__)
                0x68000000                __tz_OSPI_DEVICE_0_N = __ospi_device_0_non_retentive_end__
                0x70000000                __tz_OSPI_DEVICE_1_S = ORIGIN (OSPI_DEVICE_1)

.OSPI_DEVICE_1  0x70000000        0x0
                0x70000000                __ospi_device_1_start__ = .
 *(.ospi_device_1*)
 *(.code_in_ospi_device_1*)
                0x70000000                __ospi_device_1_end__ = .
                0x00000000                __ospi_device_1_code_size__ = (__ospi_device_1_end__ - __ospi_device_1_start__)
                0x00029c30                __ospi_device_1_code_addr__ = (__etext + (__data_end__ - __data_start__))

.ospi_device_1_non_retentive
                0x70000000        0x0 load address 0x00029c30
                0x70000000                __ospi_device_1_non_retentive_start__ = .
 *(.ospi_device_1_non_retentive*)
                0x70000000                __ospi_device_1_non_retentive_end__ = .
                0x00000000                __ospi_device_1_non_retentive_size__ = (__ospi_device_1_non_retentive_end__ - __ospi_device_1_non_retentive_start__)
                0x10000000                __ospi_device_1_region_max_size__ = 0x10000000
                0x70000000                __ospi_device_1_region_start_address__ = __ospi_device_1_start__
                0x80000000                __ospi_device_1_region_end_address__ = (__ospi_device_1_start__ + __ospi_device_1_region_max_size__)
                0x70000000                __tz_OSPI_DEVICE_1_N = __ospi_device_1_non_retentive_end__

.noinit         0x20007c58       0x18
                0x20007c58                . = ALIGN (0x4)
                0x20007c58                __noinit_start = .
 *(.noinit*)
 .noinit        0x20007c58       0x18 ./ra/fsp/src/bsp/mcu/all/bsp_clocks.o
                0x20007c70                . = ALIGN (0x8)
 *(.heap.*)
                0x20007c70                __noinit_end = .

.bss            0x20007c70      0x2bc
                0x20007c70                . = ALIGN (0x4)
                0x20007c70                __bss_start__ = .
 *(.bss*)
 .bss           0x20007c70       0x1c c:/renesas/ra/e2studio_v2021-10_fsp_v3.5.0/toolchains/gcc_arm/gcc-arm-none-eabi-10.3-2021.10/bin/../lib/gcc/arm-none-eabi/10.3.1/thumb/v7e-m+fp/hard/crtbegin.o
 .bss.EstimatedTime
                0x20007c8c        0x4 ./src/hal_entry.o
                0x20007c8c                EstimatedTime
 .bss.OpMode    0x20007c90        0x1 ./src/hal_entry.o
                0x20007c90                OpMode
 *fill*         0x20007c91        0x3 
 .bss.ShootingMode
                0x20007c94        0x4 ./src/hal_entry.o
                0x20007c94                ShootingMode
 .bss.cnt_en    0x20007c98        0x4 ./src/hal_entry.o
                0x20007c98                cnt_en
 .bss.measured  0x20007c9c        0x4 ./src/hal_entry.o
                0x20007c9c                measured
 .bss.milisec   0x20007ca0        0x4 ./src/hal_entry.o
                0x20007ca0                milisec
 .bss.offset    0x20007ca4        0x4 ./src/hal_entry.o
                0x20007ca4                offset
 .bss.sensor    0x20007ca8        0x8 ./src/hal_entry.o
                0x20007ca8                sensor
 .bss.time_1to2
                0x20007cb0        0x4 ./src/hal_entry.o
                0x20007cb0                time_1to2
 .bss.g_ioport_ctrl
                0x20007cb4        0x8 ./ra_gen/common_data.o
                0x20007cb4                g_ioport_ctrl
 .bss.g_dac0_ctrl
                0x20007cbc       0x10 ./ra_gen/hal_data.o
                0x20007cbc                g_dac0_ctrl
 .bss.g_external_irq11_ctrl
                0x20007ccc       0x10 ./ra_gen/hal_data.o
                0x20007ccc                g_external_irq11_ctrl
 .bss.g_external_irq12_ctrl
                0x20007cdc       0x10 ./ra_gen/hal_data.o
                0x20007cdc                g_external_irq12_ctrl
 .bss.g_external_irq13_ctrl
                0x20007cec       0x10 ./ra_gen/hal_data.o
                0x20007cec                g_external_irq13_ctrl
 .bss.g_external_irq8_ctrl
                0x20007cfc       0x10 ./ra_gen/hal_data.o
                0x20007cfc                g_external_irq8_ctrl
 .bss.g_external_irq9_ctrl
                0x20007d0c       0x10 ./ra_gen/hal_data.o
                0x20007d0c                g_external_irq9_ctrl
 .bss.g_timer0_ctrl
                0x20007d1c       0x1c ./ra_gen/hal_data.o
                0x20007d1c                g_timer0_ctrl
 .bss.g_timer1_ctrl
                0x20007d38       0x1c ./ra_gen/hal_data.o
                0x20007d38                g_timer1_ctrl
 .bss.gp_prv_agt_periods
                0x20007d54        0x8 ./ra/fsp/src/r_agt/r_agt.o
 .bss.g_bsp_group_irq_sources
                0x20007d5c       0x40 ./ra/fsp/src/bsp/mcu/all/bsp_group_irq.o
                0x20007d5c                g_bsp_group_irq_sources
 .bss.g_protect_pfswe_counter
                0x20007d9c        0x4 ./ra/fsp/src/bsp/mcu/all/bsp_io.o
                0x20007d9c                g_protect_pfswe_counter
 .bss.gp_renesas_isr_context
                0x20007da0      0x180 ./ra/fsp/src/bsp/mcu/all/bsp_irq.o
                0x20007da0                gp_renesas_isr_context
 .bss.g_protect_counters
                0x20007f20        0x8 ./ra/fsp/src/bsp/mcu/all/bsp_register_protection.o
                0x20007f20                g_protect_counters
 .bss.SystemCoreClock
                0x20007f28        0x4 ./ra/fsp/src/bsp/cmsis/Device/RENESAS/Source/system.o
                0x20007f28                SystemCoreClock
 *(COMMON)
                0x20007f2c                . = ALIGN (0x4)
                0x20007f2c                __bss_end__ = .

.heap           0x20007f2c        0x4
                0x20007f30                . = ALIGN (0x8)
 *fill*         0x20007f2c        0x4 
                0x20007f30                __HeapBase = .
 *(.heap)
                0x20007f30                __HeapLimit = .

.stack_dummy    0x20007f30      0x400
                0x20007f30                . = ALIGN (0x8)
                0x20007f30                __StackLimit = .
 *(.stack)
 .stack         0x20007f30      0x400 ./ra/fsp/src/bsp/cmsis/Device/RENESAS/Source/startup.o
                0x20008330                __StackTop = .
 *(.stack*)
                0x20008330                __StackTopAll = .
                0x20008330                PROVIDE (__stack = __StackTopAll)
                0x20008330                __RAM_segment_used_end__ = ALIGN (__StackTopAll, 0x4)
                0x20008400                __tz_RAM_C = DEFINED (RAM_NSC_START)?ABSOLUTE (RAM_NSC_START):__RESERVE_NS_RAM?ABSOLUTE (RAM_NS_BUFFER_BLOCK_START):ALIGN (__RAM_segment_used_end__, 0x400)
                0x2000a000                __tz_RAM_N = DEFINED (RAM_NS_START)?ABSOLUTE (RAM_NS_START):__RESERVE_NS_RAM?ABSOLUTE (RAM_NS_BUFFER_BLOCK_START):ALIGN (__tz_RAM_C, 0x2000)

.ns_buffer      0x20008330        0x0
                0x20008330                . = __RESERVE_NS_RAM?ABSOLUTE ((RAM_NS_BUFFER_START & 0xffffffe0)):.
 *(.ns_buffer*)

.data_flash     0x40100000        0x0
                0x40100000                . = ORIGIN (DATA_FLASH)
                0x40100000                __tz_DATA_FLASH_S = .
                0x40100000                __Data_Flash_Start = .
 *(.data_flash*)
                0x40100000                __Data_Flash_End = .
                0x40100000                __tz_DATA_FLASH_N = DEFINED (DATA_FLASH_NS_START)?ABSOLUTE (DATA_FLASH_NS_START):__RESERVE_NS_RAM?ABSOLUTE ((DATA_FLASH_START + DATA_FLASH_LENGTH)):ALIGN (0x400)
                0x90000000                __tz_SDRAM_S = ORIGIN (SDRAM)

.sdram          0x90000000        0x0
                0x90000000                __SDRAM_Start = .
 *(.sdram*)
 *(.frame*)
                0x90000000                __SDRAM_End = .
                0x90000000                __tz_SDRAM_N = __SDRAM_End
                0x0100a150                __tz_ID_CODE_S = ORIGIN (ID_CODE)

.id_code        0x0100a150       0x10
                0x0100a150                __ID_Code_Start = .
 *(.id_code*)
 .id_code       0x0100a150       0x10 ./ra/fsp/src/bsp/mcu/all/bsp_rom_registers.o
                0x0100a160                __ID_Code_End = .
                0x0100a160                __tz_ID_CODE_N = __ID_Code_End
                0x00000000                __tz_OPTION_SETTING_S = ORIGIN (OPTION_SETTING)

.rel.dyn        0x0100a160        0x0
 .rel.iplt      0x0100a160        0x0 c:/renesas/ra/e2studio_v2021-10_fsp_v3.5.0/toolchains/gcc_arm/gcc-arm-none-eabi-10.3-2021.10/bin/../lib/gcc/arm-none-eabi/10.3.1/thumb/v7e-m+fp/hard/crtbegin.o

.option_setting
                0x00000000        0x0
                0x00000000                __OPTION_SETTING_Start = .
 *(.option_setting_ofs0)
                0x00000000                . = PROJECT_SECURE_OR_FLAT?(__OPTION_SETTING_Start + 0x10):__OPTION_SETTING_Start
 *(.option_setting_dualsel)
                0x00000000                . = PROJECT_SECURE_OR_FLAT?(__OPTION_SETTING_Start + 0x34):__OPTION_SETTING_Start
 *(.option_setting_sas)
                0x00000000                __OPTION_SETTING_End = .
                0x0100a180                __tz_OPTION_SETTING_N = OPTION_SETTING_START_NS

.option_setting_ns
                0x00000000        0x0
                0x00000000                __OPTION_SETTING_NS_Start = .
 *(.option_setting_ofs1)
                0x00000000                . = USE_OPTION_SETTING_NS?(__OPTION_SETTING_NS_Start + 0x10):__OPTION_SETTING_NS_Start
 *(.option_setting_banksel)
                0x00000000                . = USE_OPTION_SETTING_NS?(__OPTION_SETTING_NS_Start + 0x40):__OPTION_SETTING_NS_Start
 *(.option_setting_bps0)
                0x00000000                . = USE_OPTION_SETTING_NS?(__OPTION_SETTING_NS_Start + 0x44):__OPTION_SETTING_NS_Start
 *(.option_setting_bps1)
                0x00000000                . = USE_OPTION_SETTING_NS?(__OPTION_SETTING_NS_Start + 0x48):__OPTION_SETTING_NS_Start
 *(.option_setting_bps2)
                0x00000000                . = USE_OPTION_SETTING_NS?(__OPTION_SETTING_NS_Start + 0x60):__OPTION_SETTING_NS_Start
 *(.option_setting_pbps0)
                0x00000000                . = USE_OPTION_SETTING_NS?(__OPTION_SETTING_NS_Start + 0x64):__OPTION_SETTING_NS_Start
 *(.option_setting_pbps1)
                0x00000000                . = USE_OPTION_SETTING_NS?(__OPTION_SETTING_NS_Start + 0x68):__OPTION_SETTING_NS_Start
 *(.option_setting_pbps2)
                0x00000000                __OPTION_SETTING_NS_End = .
                0x00000000                __tz_OPTION_SETTING_S_S = ORIGIN (OPTION_SETTING_S)

.option_setting_s
                0x00000000        0x0
                0x00000000                __OPTION_SETTING_S_Start = .
 *(.option_setting_ofs1_sec)
                0x00000000                . = PROJECT_SECURE_OR_FLAT?(__OPTION_SETTING_S_Start + 0x10):__OPTION_SETTING_S_Start
 *(.option_setting_banksel_sec)
                0x00000000                . = PROJECT_SECURE_OR_FLAT?(__OPTION_SETTING_S_Start + 0x40):__OPTION_SETTING_S_Start
 *(.option_setting_bps_sec0)
                0x00000000                . = PROJECT_SECURE_OR_FLAT?(__OPTION_SETTING_S_Start + 0x44):__OPTION_SETTING_S_Start
 *(.option_setting_bps_sec1)
                0x00000000                . = PROJECT_SECURE_OR_FLAT?(__OPTION_SETTING_S_Start + 0x48):__OPTION_SETTING_S_Start
 *(.option_setting_bps_sec2)
                0x00000000                . = PROJECT_SECURE_OR_FLAT?(__OPTION_SETTING_S_Start + 0x60):__OPTION_SETTING_S_Start
 *(.option_setting_pbps_sec0)
                0x00000000                . = PROJECT_SECURE_OR_FLAT?(__OPTION_SETTING_S_Start + 0x64):__OPTION_SETTING_S_Start
 *(.option_setting_pbps_sec1)
                0x00000000                . = PROJECT_SECURE_OR_FLAT?(__OPTION_SETTING_S_Start + 0x68):__OPTION_SETTING_S_Start
 *(.option_setting_pbps_sec2)
                0x00000000                . = PROJECT_SECURE_OR_FLAT?(__OPTION_SETTING_S_Start + 0x80):__OPTION_SETTING_S_Start
 *(.option_setting_ofs1_sel)
                0x00000000                . = PROJECT_SECURE_OR_FLAT?(__OPTION_SETTING_S_Start + 0x90):__OPTION_SETTING_S_Start
 *(.option_setting_banksel_sel)
                0x00000000                . = PROJECT_SECURE_OR_FLAT?(__OPTION_SETTING_S_Start + 0xc0):__OPTION_SETTING_S_Start
 *(.option_setting_bps_sel0)
                0x00000000                . = PROJECT_SECURE_OR_FLAT?(__OPTION_SETTING_S_Start + 0xc4):__OPTION_SETTING_S_Start
 *(.option_setting_bps_sel1)
                0x00000000                . = PROJECT_SECURE_OR_FLAT?(__OPTION_SETTING_S_Start + 0xc8):__OPTION_SETTING_S_Start
 *(.option_setting_bps_sel2)
                0x00000000                __OPTION_SETTING_S_End = .
                0x00000000                __tz_OPTION_SETTING_S_N = __OPTION_SETTING_S_End
OUTPUT(Final_WaterCrown.elf elf32-littlearm)
LOAD linker stubs

.ARM.attributes
                0x00000000       0x30
 .ARM.attributes
                0x00000000       0x1e c:/renesas/ra/e2studio_v2021-10_fsp_v3.5.0/toolchains/gcc_arm/gcc-arm-none-eabi-10.3-2021.10/bin/../lib/gcc/arm-none-eabi/10.3.1/thumb/v7e-m+fp/hard/crti.o
 .ARM.attributes
                0x0000001e       0x34 c:/renesas/ra/e2studio_v2021-10_fsp_v3.5.0/toolchains/gcc_arm/gcc-arm-none-eabi-10.3-2021.10/bin/../lib/gcc/arm-none-eabi/10.3.1/thumb/v7e-m+fp/hard/crtbegin.o
 .ARM.attributes
                0x00000052       0x34 ./src/hal_entry.o
 .ARM.attributes
                0x00000086       0x34 ./src/mario_coin_sound.o
 .ARM.attributes
                0x000000ba       0x34 ./ra_gen/common_data.o
 .ARM.attributes
                0x000000ee       0x34 ./ra_gen/hal_data.o
 .ARM.attributes
                0x00000122       0x34 ./ra_gen/main.o
 .ARM.attributes
                0x00000156       0x34 ./ra_gen/pin_data.o
 .ARM.attributes
                0x0000018a       0x34 ./ra_gen/vector_data.o
 .ARM.attributes
                0x000001be       0x34 ./ra/fsp/src/r_ioport/r_ioport.o
 .ARM.attributes
                0x000001f2       0x34 ./ra/fsp/src/r_icu/r_icu.o
 .ARM.attributes
                0x00000226       0x34 ./ra/fsp/src/r_dac/r_dac.o
 .ARM.attributes
                0x0000025a       0x34 ./ra/fsp/src/r_agt/r_agt.o
 .ARM.attributes
                0x0000028e       0x34 ./ra/fsp/src/bsp/mcu/all/bsp_clocks.o
 .ARM.attributes
                0x000002c2       0x34 ./ra/fsp/src/bsp/mcu/all/bsp_common.o
 .ARM.attributes
                0x000002f6       0x34 ./ra/fsp/src/bsp/mcu/all/bsp_delay.o
 .ARM.attributes
                0x0000032a       0x34 ./ra/fsp/src/bsp/mcu/all/bsp_group_irq.o
 .ARM.attributes
                0x0000035e       0x34 ./ra/fsp/src/bsp/mcu/all/bsp_io.o
 .ARM.attributes
                0x00000392       0x34 ./ra/fsp/src/bsp/mcu/all/bsp_irq.o
 .ARM.attributes
                0x000003c6       0x34 ./ra/fsp/src/bsp/mcu/all/bsp_register_protection.o
 .ARM.attributes
                0x000003fa       0x34 ./ra/fsp/src/bsp/mcu/all/bsp_rom_registers.o
 .ARM.attributes
                0x0000042e       0x34 ./ra/fsp/src/bsp/cmsis/Device/RENESAS/Source/startup.o
 .ARM.attributes
                0x00000462       0x34 ./ra/fsp/src/bsp/cmsis/Device/RENESAS/Source/system.o
 .ARM.attributes
                0x00000496       0x1e c:/renesas/ra/e2studio_v2021-10_fsp_v3.5.0/toolchains/gcc_arm/gcc-arm-none-eabi-10.3-2021.10/bin/../lib/gcc/arm-none-eabi/10.3.1/thumb/v7e-m+fp/hard\libgcc.a(_arm_addsubdf3.o)
 .ARM.attributes
                0x000004b4       0x1e c:/renesas/ra/e2studio_v2021-10_fsp_v3.5.0/toolchains/gcc_arm/gcc-arm-none-eabi-10.3-2021.10/bin/../lib/gcc/arm-none-eabi/10.3.1/thumb/v7e-m+fp/hard\libgcc.a(_arm_fixdfsi.o)
 .ARM.attributes
                0x000004d2       0x34 c:/renesas/ra/e2studio_v2021-10_fsp_v3.5.0/toolchains/gcc_arm/gcc-arm-none-eabi-10.3-2021.10/bin/../lib/gcc/arm-none-eabi/10.3.1/../../../../arm-none-eabi/lib/thumb/v7e-m+fp/hard\libg_nano.a(lib_a-memcpy-stub.o)
 .ARM.attributes
                0x00000506       0x34 c:/renesas/ra/e2studio_v2021-10_fsp_v3.5.0/toolchains/gcc_arm/gcc-arm-none-eabi-10.3-2021.10/bin/../lib/gcc/arm-none-eabi/10.3.1/../../../../arm-none-eabi/lib/thumb/v7e-m+fp/hard\libg_nano.a(lib_a-memset.o)
 .ARM.attributes
                0x0000053a       0x34 c:/renesas/ra/e2studio_v2021-10_fsp_v3.5.0/toolchains/gcc_arm/gcc-arm-none-eabi-10.3-2021.10/bin/../lib/gcc/arm-none-eabi/10.3.1/thumb/v7e-m+fp/hard/crtend.o
 .ARM.attributes
                0x0000056e       0x1e c:/renesas/ra/e2studio_v2021-10_fsp_v3.5.0/toolchains/gcc_arm/gcc-arm-none-eabi-10.3-2021.10/bin/../lib/gcc/arm-none-eabi/10.3.1/thumb/v7e-m+fp/hard/crtn.o

.comment        0x00000000       0x49
 .comment       0x00000000       0x49 ./src/hal_entry.o
                                 0x4a (size before relaxing)
 .comment       0x00000049       0x4a ./src/mario_coin_sound.o
 .comment       0x00000049       0x4a ./ra_gen/common_data.o
 .comment       0x00000049       0x4a ./ra_gen/hal_data.o
 .comment       0x00000049       0x4a ./ra_gen/main.o
 .comment       0x00000049       0x4a ./ra_gen/pin_data.o
 .comment       0x00000049       0x4a ./ra_gen/vector_data.o
 .comment       0x00000049       0x4a ./ra/fsp/src/r_ioport/r_ioport.o
 .comment       0x00000049       0x4a ./ra/fsp/src/r_icu/r_icu.o
 .comment       0x00000049       0x4a ./ra/fsp/src/r_dac/r_dac.o
 .comment       0x00000049       0x4a ./ra/fsp/src/r_agt/r_agt.o
 .comment       0x00000049       0x4a ./ra/fsp/src/bsp/mcu/all/bsp_clocks.o
 .comment       0x00000049       0x4a ./ra/fsp/src/bsp/mcu/all/bsp_common.o
 .comment       0x00000049       0x4a ./ra/fsp/src/bsp/mcu/all/bsp_delay.o
 .comment       0x00000049       0x4a ./ra/fsp/src/bsp/mcu/all/bsp_group_irq.o
 .comment       0x00000049       0x4a ./ra/fsp/src/bsp/mcu/all/bsp_io.o
 .comment       0x00000049       0x4a ./ra/fsp/src/bsp/mcu/all/bsp_irq.o
 .comment       0x00000049       0x4a ./ra/fsp/src/bsp/mcu/all/bsp_register_protection.o
 .comment       0x00000049       0x4a ./ra/fsp/src/bsp/mcu/all/bsp_rom_registers.o
 .comment       0x00000049       0x4a ./ra/fsp/src/bsp/cmsis/Device/RENESAS/Source/startup.o
 .comment       0x00000049       0x4a ./ra/fsp/src/bsp/cmsis/Device/RENESAS/Source/system.o

.debug_info     0x00000000    0x24719
 .debug_info    0x00000000     0x2e78 ./src/hal_entry.o
 .debug_info    0x00002e78       0x51 ./src/mario_coin_sound.o
 .debug_info    0x00002ec9     0x122f ./ra_gen/common_data.o
 .debug_info    0x000040f8     0x1e9b ./ra_gen/hal_data.o
 .debug_info    0x00005f93       0xb1 ./ra_gen/main.o
 .debug_info    0x00006044      0x9e1 ./ra_gen/pin_data.o
 .debug_info    0x00006a25      0x9fd ./ra_gen/vector_data.o
 .debug_info    0x00007422     0x6909 ./ra/fsp/src/r_ioport/r_ioport.o
 .debug_info    0x0000dd2b     0x1d87 ./ra/fsp/src/r_icu/r_icu.o
 .debug_info    0x0000fab2     0x1a7d ./ra/fsp/src/r_dac/r_dac.o
 .debug_info    0x0001152f     0x6cab ./ra/fsp/src/r_agt/r_agt.o
 .debug_info    0x000181da     0x440f ./ra/fsp/src/bsp/mcu/all/bsp_clocks.o
 .debug_info    0x0001c5e9      0x8a3 ./ra/fsp/src/bsp/mcu/all/bsp_common.o
 .debug_info    0x0001ce8c      0x1c8 ./ra/fsp/src/bsp/mcu/all/bsp_delay.o
 .debug_info    0x0001d054     0x1370 ./ra/fsp/src/bsp/mcu/all/bsp_group_irq.o
 .debug_info    0x0001e3c4       0xaa ./ra/fsp/src/bsp/mcu/all/bsp_io.o
 .debug_info    0x0001e46e     0x1532 ./ra/fsp/src/bsp/mcu/all/bsp_irq.o
 .debug_info    0x0001f9a0     0x39e6 ./ra/fsp/src/bsp/mcu/all/bsp_register_protection.o
 .debug_info    0x00023386       0xdd ./ra/fsp/src/bsp/mcu/all/bsp_rom_registers.o
 .debug_info    0x00023463      0x148 ./ra/fsp/src/bsp/cmsis/Device/RENESAS/Source/startup.o
 .debug_info    0x000235ab     0x116e ./ra/fsp/src/bsp/cmsis/Device/RENESAS/Source/system.o

.debug_abbrev   0x00000000     0x2c54
 .debug_abbrev  0x00000000      0x40e ./src/hal_entry.o
 .debug_abbrev  0x0000040e       0x40 ./src/mario_coin_sound.o
 .debug_abbrev  0x0000044e      0x150 ./ra_gen/common_data.o
 .debug_abbrev  0x0000059e      0x28e ./ra_gen/hal_data.o
 .debug_abbrev  0x0000082c       0x66 ./ra_gen/main.o
 .debug_abbrev  0x00000892       0xdc ./ra_gen/pin_data.o
 .debug_abbrev  0x0000096e       0xa7 ./ra_gen/vector_data.o
 .debug_abbrev  0x00000a15      0x421 ./ra/fsp/src/r_ioport/r_ioport.o
 .debug_abbrev  0x00000e36      0x472 ./ra/fsp/src/r_icu/r_icu.o
 .debug_abbrev  0x000012a8      0x3f5 ./ra/fsp/src/r_dac/r_dac.o
 .debug_abbrev  0x0000169d      0x536 ./ra/fsp/src/r_agt/r_agt.o
 .debug_abbrev  0x00001bd3      0x382 ./ra/fsp/src/bsp/mcu/all/bsp_clocks.o
 .debug_abbrev  0x00001f55      0x177 ./ra/fsp/src/bsp/mcu/all/bsp_common.o
 .debug_abbrev  0x000020cc       0xf7 ./ra/fsp/src/bsp/mcu/all/bsp_delay.o
 .debug_abbrev  0x000021c3      0x254 ./ra/fsp/src/bsp/mcu/all/bsp_group_irq.o
 .debug_abbrev  0x00002417       0x5e ./ra/fsp/src/bsp/mcu/all/bsp_io.o
 .debug_abbrev  0x00002475      0x1ad ./ra/fsp/src/bsp/mcu/all/bsp_irq.o
 .debug_abbrev  0x00002622      0x277 ./ra/fsp/src/bsp/mcu/all/bsp_register_protection.o
 .debug_abbrev  0x00002899       0x5f ./ra/fsp/src/bsp/mcu/all/bsp_rom_registers.o
 .debug_abbrev  0x000028f8       0xe6 ./ra/fsp/src/bsp/cmsis/Device/RENESAS/Source/startup.o
 .debug_abbrev  0x000029de      0x276 ./ra/fsp/src/bsp/cmsis/Device/RENESAS/Source/system.o

.debug_loc      0x00000000     0x3731
 .debug_loc     0x00000000      0x6d1 ./src/hal_entry.o
 .debug_loc     0x000006d1      0xf75 ./ra/fsp/src/r_ioport/r_ioport.o
 .debug_loc     0x00001646      0x4ab ./ra/fsp/src/r_icu/r_icu.o
 .debug_loc     0x00001af1      0x5ec ./ra/fsp/src/r_dac/r_dac.o
 .debug_loc     0x000020dd      0xe10 ./ra/fsp/src/r_agt/r_agt.o
 .debug_loc     0x00002eed      0x3cb ./ra/fsp/src/bsp/mcu/all/bsp_clocks.o
 .debug_loc     0x000032b8       0x25 ./ra/fsp/src/bsp/mcu/all/bsp_common.o
 .debug_loc     0x000032dd      0x201 ./ra/fsp/src/bsp/mcu/all/bsp_delay.o
 .debug_loc     0x000034de       0xaa ./ra/fsp/src/bsp/mcu/all/bsp_group_irq.o
 .debug_loc     0x00003588       0x3f ./ra/fsp/src/bsp/mcu/all/bsp_irq.o
 .debug_loc     0x000035c7      0x105 ./ra/fsp/src/bsp/mcu/all/bsp_register_protection.o
 .debug_loc     0x000036cc       0x65 ./ra/fsp/src/bsp/cmsis/Device/RENESAS/Source/system.o

.debug_aranges  0x00000000      0x450
 .debug_aranges
                0x00000000       0x60 ./src/hal_entry.o
 .debug_aranges
                0x00000060       0x18 ./src/mario_coin_sound.o
 .debug_aranges
                0x00000078       0x20 ./ra_gen/common_data.o
 .debug_aranges
                0x00000098       0x20 ./ra_gen/hal_data.o
 .debug_aranges
                0x000000b8       0x20 ./ra_gen/main.o
 .debug_aranges
                0x000000d8       0x18 ./ra_gen/pin_data.o
 .debug_aranges
                0x000000f0       0x18 ./ra_gen/vector_data.o
 .debug_aranges
                0x00000108       0x98 ./ra/fsp/src/r_ioport/r_ioport.o
 .debug_aranges
                0x000001a0       0x48 ./ra/fsp/src/r_icu/r_icu.o
 .debug_aranges
                0x000001e8       0x40 ./ra/fsp/src/r_dac/r_dac.o
 .debug_aranges
                0x00000228       0x80 ./ra/fsp/src/r_agt/r_agt.o
 .debug_aranges
                0x000002a8       0x60 ./ra/fsp/src/bsp/mcu/all/bsp_clocks.o
 .debug_aranges
                0x00000308       0x30 ./ra/fsp/src/bsp/mcu/all/bsp_common.o
 .debug_aranges
                0x00000338       0x28 ./ra/fsp/src/bsp/mcu/all/bsp_delay.o
 .debug_aranges
                0x00000360       0x28 ./ra/fsp/src/bsp/mcu/all/bsp_group_irq.o
 .debug_aranges
                0x00000388       0x18 ./ra/fsp/src/bsp/mcu/all/bsp_io.o
 .debug_aranges
                0x000003a0       0x20 ./ra/fsp/src/bsp/mcu/all/bsp_irq.o
 .debug_aranges
                0x000003c0       0x28 ./ra/fsp/src/bsp/mcu/all/bsp_register_protection.o
 .debug_aranges
                0x000003e8       0x18 ./ra/fsp/src/bsp/mcu/all/bsp_rom_registers.o
 .debug_aranges
                0x00000400       0x28 ./ra/fsp/src/bsp/cmsis/Device/RENESAS/Source/startup.o
 .debug_aranges
                0x00000428       0x28 ./ra/fsp/src/bsp/cmsis/Device/RENESAS/Source/system.o

.debug_ranges   0x00000000      0xc00
 .debug_ranges  0x00000000      0x3b0 ./src/hal_entry.o
 .debug_ranges  0x000003b0       0x10 ./ra_gen/common_data.o
 .debug_ranges  0x000003c0       0x10 ./ra_gen/hal_data.o
 .debug_ranges  0x000003d0       0x10 ./ra_gen/main.o
 .debug_ranges  0x000003e0      0x130 ./ra/fsp/src/r_ioport/r_ioport.o
 .debug_ranges  0x00000510      0x128 ./ra/fsp/src/r_icu/r_icu.o
 .debug_ranges  0x00000638       0x98 ./ra/fsp/src/r_dac/r_dac.o
 .debug_ranges  0x000006d0      0x288 ./ra/fsp/src/r_agt/r_agt.o
 .debug_ranges  0x00000958      0x180 ./ra/fsp/src/bsp/mcu/all/bsp_clocks.o
 .debug_ranges  0x00000ad8       0x20 ./ra/fsp/src/bsp/mcu/all/bsp_common.o
 .debug_ranges  0x00000af8       0x18 ./ra/fsp/src/bsp/mcu/all/bsp_delay.o
 .debug_ranges  0x00000b10       0x50 ./ra/fsp/src/bsp/mcu/all/bsp_group_irq.o
 .debug_ranges  0x00000b60       0x28 ./ra/fsp/src/bsp/mcu/all/bsp_irq.o
 .debug_ranges  0x00000b88       0x48 ./ra/fsp/src/bsp/mcu/all/bsp_register_protection.o
 .debug_ranges  0x00000bd0       0x18 ./ra/fsp/src/bsp/cmsis/Device/RENESAS/Source/startup.o
 .debug_ranges  0x00000be8       0x18 ./ra/fsp/src/bsp/cmsis/Device/RENESAS/Source/system.o

.debug_line     0x00000000     0x5f35
 .debug_line    0x00000000      0xd94 ./src/hal_entry.o
 .debug_line    0x00000d94       0x3a ./src/mario_coin_sound.o
 .debug_line    0x00000dce      0x2de ./ra_gen/common_data.o
 .debug_line    0x000010ac      0x348 ./ra_gen/hal_data.o
 .debug_line    0x000013f4       0x60 ./ra_gen/main.o
 .debug_line    0x00001454      0x1dc ./ra_gen/pin_data.o
 .debug_line    0x00001630       0xdd ./ra_gen/vector_data.o
 .debug_line    0x0000170d      0xb6d ./ra/fsp/src/r_ioport/r_ioport.o
 .debug_line    0x0000227a      0x74a ./ra/fsp/src/r_icu/r_icu.o
 .debug_line    0x000029c4      0x848 ./ra/fsp/src/r_dac/r_dac.o
 .debug_line    0x0000320c      0xcd7 ./ra/fsp/src/r_agt/r_agt.o
 .debug_line    0x00003ee3      0x828 ./ra/fsp/src/bsp/mcu/all/bsp_clocks.o
 .debug_line    0x0000470b      0x2a9 ./ra/fsp/src/bsp/mcu/all/bsp_common.o
 .debug_line    0x000049b4      0x2b1 ./ra/fsp/src/bsp/mcu/all/bsp_delay.o
 .debug_line    0x00004c65      0x308 ./ra/fsp/src/bsp/mcu/all/bsp_group_irq.o
 .debug_line    0x00004f6d      0x1a1 ./ra/fsp/src/bsp/mcu/all/bsp_io.o
 .debug_line    0x0000510e      0x2ce ./ra/fsp/src/bsp/mcu/all/bsp_irq.o
 .debug_line    0x000053dc      0x3be ./ra/fsp/src/bsp/mcu/all/bsp_register_protection.o
 .debug_line    0x0000579a      0x161 ./ra/fsp/src/bsp/mcu/all/bsp_rom_registers.o
 .debug_line    0x000058fb      0x225 ./ra/fsp/src/bsp/cmsis/Device/RENESAS/Source/startup.o
 .debug_line    0x00005b20      0x415 ./ra/fsp/src/bsp/cmsis/Device/RENESAS/Source/system.o

.debug_str      0x00000000     0xa3a5
 .debug_str     0x00000000     0x3df5 ./src/hal_entry.o
                               0x3eaf (size before relaxing)
 .debug_str     0x00003df5       0x1a ./src/mario_coin_sound.o
                                0x130 (size before relaxing)
 .debug_str     0x00003e0f       0x47 ./ra_gen/common_data.o
                               0x31f4 (size before relaxing)
 .debug_str     0x00003e56      0x6fc ./ra_gen/hal_data.o
                               0x2a67 (size before relaxing)
 .debug_str     0x00004552       0x16 ./ra_gen/main.o
                                0x1a8 (size before relaxing)
 .debug_str     0x00004568      0x5d6 ./ra_gen/pin_data.o
                               0x1cb8 (size before relaxing)
 .debug_str     0x00004b3e     0x2276 ./ra_gen/vector_data.o
                               0x23f8 (size before relaxing)
 .debug_str     0x00006db4     0x1d90 ./ra/fsp/src/r_ioport/r_ioport.o
                               0x5431 (size before relaxing)
 .debug_str     0x00008b44      0x537 ./ra/fsp/src/r_icu/r_icu.o
                               0x22a9 (size before relaxing)
 .debug_str     0x0000907b      0x2eb ./ra/fsp/src/r_dac/r_dac.o
                               0x1fad (size before relaxing)
 .debug_str     0x00009366      0x2f4 ./ra/fsp/src/r_agt/r_agt.o
                               0x43b7 (size before relaxing)
 .debug_str     0x0000965a      0x69b ./ra/fsp/src/bsp/mcu/all/bsp_clocks.o
                               0x1e9d (size before relaxing)
 .debug_str     0x00009cf5       0xef ./ra/fsp/src/bsp/mcu/all/bsp_common.o
                               0x19ea (size before relaxing)
 .debug_str     0x00009de4       0xbc ./ra/fsp/src/bsp/mcu/all/bsp_delay.o
                                0x2d1 (size before relaxing)
 .debug_str     0x00009ea0      0x1de ./ra/fsp/src/bsp/mcu/all/bsp_group_irq.o
                               0x1f11 (size before relaxing)
 .debug_str     0x0000a07e       0x23 ./ra/fsp/src/bsp/mcu/all/bsp_io.o
                                0x1d1 (size before relaxing)
 .debug_str     0x0000a0a1       0x30 ./ra/fsp/src/bsp/mcu/all/bsp_irq.o
                               0x2874 (size before relaxing)
 .debug_str     0x0000a0d1       0x88 ./ra/fsp/src/bsp/mcu/all/bsp_register_protection.o
                               0x187d (size before relaxing)
 .debug_str     0x0000a159       0x51 ./ra/fsp/src/bsp/mcu/all/bsp_rom_registers.o
                                0x1e7 (size before relaxing)
 .debug_str     0x0000a1aa       0x82 ./ra/fsp/src/bsp/cmsis/Device/RENESAS/Source/startup.o
                                0x21b (size before relaxing)
 .debug_str     0x0000a22c      0x179 ./ra/fsp/src/bsp/cmsis/Device/RENESAS/Source/system.o
                                0x891 (size before relaxing)

.debug_frame    0x00000000      0x8f4
 .debug_frame   0x00000000      0x104 ./src/hal_entry.o
 .debug_frame   0x00000104       0x20 ./ra_gen/common_data.o
 .debug_frame   0x00000124       0x20 ./ra_gen/hal_data.o
 .debug_frame   0x00000144       0x28 ./ra_gen/main.o
 .debug_frame   0x0000016c      0x174 ./ra/fsp/src/r_ioport/r_ioport.o
 .debug_frame   0x000002e0       0xb8 ./ra/fsp/src/r_icu/r_icu.o
 .debug_frame   0x00000398       0x7c ./ra/fsp/src/r_dac/r_dac.o
 .debug_frame   0x00000414      0x130 ./ra/fsp/src/r_agt/r_agt.o
 .debug_frame   0x00000544       0xe8 ./ra/fsp/src/bsp/mcu/all/bsp_clocks.o
 .debug_frame   0x0000062c       0x40 ./ra/fsp/src/bsp/mcu/all/bsp_common.o
 .debug_frame   0x0000066c       0x44 ./ra/fsp/src/bsp/mcu/all/bsp_delay.o
 .debug_frame   0x000006b0       0x3c ./ra/fsp/src/bsp/mcu/all/bsp_group_irq.o
 .debug_frame   0x000006ec       0x2c ./ra/fsp/src/bsp/mcu/all/bsp_irq.o
 .debug_frame   0x00000718       0x48 ./ra/fsp/src/bsp/mcu/all/bsp_register_protection.o
 .debug_frame   0x00000760       0x38 ./ra/fsp/src/bsp/cmsis/Device/RENESAS/Source/startup.o
 .debug_frame   0x00000798       0x44 ./ra/fsp/src/bsp/cmsis/Device/RENESAS/Source/system.o
 .debug_frame   0x000007dc       0xac c:/renesas/ra/e2studio_v2021-10_fsp_v3.5.0/toolchains/gcc_arm/gcc-arm-none-eabi-10.3-2021.10/bin/../lib/gcc/arm-none-eabi/10.3.1/thumb/v7e-m+fp/hard\libgcc.a(_arm_addsubdf3.o)
 .debug_frame   0x00000888       0x24 c:/renesas/ra/e2studio_v2021-10_fsp_v3.5.0/toolchains/gcc_arm/gcc-arm-none-eabi-10.3-2021.10/bin/../lib/gcc/arm-none-eabi/10.3.1/thumb/v7e-m+fp/hard\libgcc.a(_arm_fixdfsi.o)
 .debug_frame   0x000008ac       0x28 c:/renesas/ra/e2studio_v2021-10_fsp_v3.5.0/toolchains/gcc_arm/gcc-arm-none-eabi-10.3-2021.10/bin/../lib/gcc/arm-none-eabi/10.3.1/../../../../arm-none-eabi/lib/thumb/v7e-m+fp/hard\libg_nano.a(lib_a-memcpy-stub.o)
 .debug_frame   0x000008d4       0x20 c:/renesas/ra/e2studio_v2021-10_fsp_v3.5.0/toolchains/gcc_arm/gcc-arm-none-eabi-10.3-2021.10/bin/../lib/gcc/arm-none-eabi/10.3.1/../../../../arm-none-eabi/lib/thumb/v7e-m+fp/hard\libg_nano.a(lib_a-memset.o)
